******************************************************************************
                     PRU Linker Unix v2.1.1                    
******************************************************************************
>> Linked Thu Nov 12 19:18:40 2015

OUTPUT FILE NAME:   <gen/pru.out>
ENTRY POINT SYMBOL: "_c_int00_noinit_noargs_noexit"  address: 00000000


MEMORY CONFIGURATION

         name            origin    length      used     unused   attr    fill
----------------------  --------  ---------  --------  --------  ----  --------
PAGE 0:
  PRUIMEM               00000000   00001000  00000c88  00000378  RWIX

PAGE 1:
  PRUDMEM               00000000   00001000  0000010c  00000ef4  RWIX


SECTION ALLOCATION MAP

 output                                  attributes/
section   page    origin      length       input sections
--------  ----  ----------  ----------   ----------------
.text:_c_int00* 
*          0    00000000    00000014     
                  00000000    00000014     rtspruv3_le.lib : boot_special.obj (.text:_c_int00_noinit_noargs_noexit)

.stack     1    00000000    00000100     UNINITIALIZED
                  00000000    00000004     rtspruv3_le.lib : boot.obj (.stack)
                  00000004    000000fc     --HOLE--

.data      1    00000100    0000000c     
                  00000100    0000000c     pru_main.obj (.data)

.cinit     1    00000000    00000000     UNINITIALIZED

.text      0    00000014    00000c74     
                  00000014    00000228     pru_main.obj (.text:main)
                  0000023c    00000198     pru_main.obj (.text:rbuf_read_uint64)
                  000003d4    00000150     rtspruv3_le.lib : llmpy.obj (.text:__pruabi_mpyll)
                  00000524    00000130     pru_main.obj (.text:rbuf_write_uint64)
                  00000654    000000c4     rtspruv3_le.lib : remu_c.obj (.text:__pruabi_remu)
                  00000718    000000bc     pru_main.obj (.text:init_pru_time)
                  000007d4    000000b8     pru_main.obj (.text:adj_pru_time)
                  0000088c    00000088     pru_main.obj (.text:timecounter_read_delta)
                  00000914    00000080     pru_main.obj (.text:timecounter_init)
                  00000994    00000078     pru_main.obj (.text:cyclecounter_cyc2ns)
                  00000a0c    00000060     rtspruv3_le.lib : imath64.obj (.text:__pruabi_lslll)
                  00000a6c    00000060                     : remi_c.obj (.text:__pruabi_remi)
                  00000acc    00000044                     : imath64.obj (.text:__pruabi_lsrll)
                  00000b10    00000044     pru_main.obj (.text:timecounter_read)
                  00000b54    0000003c     pru_main.obj (.text:init_rbuffer)
                  00000b90    0000002c     pru_main.obj (.text:timecounter_adjtime)
                  00000bbc    00000024     rtspruv3_le.lib : mpyi.obj (.text:__pruabi_mpyi)
                  00000be0    00000020     pru_main.obj (.text:read_cc)
                  00000c00    0000001c     pru_main.obj (.text:deassert_pin)
                  00000c1c    0000001c     rtspruv3_le.lib : memset.obj (.text:memset)
                  00000c38    0000001c     pru_main.obj (.text:read_pru_time)
                  00000c54    00000018     pru_main.obj (.text:assert_pin)
                  00000c6c    0000000c     pru_main.obj (.text:terminate)
                  00000c78    00000008     rtspruv3_le.lib : exit.obj (.text:abort)
                  00000c80    00000008                     : exit.obj (.text:loader_exit)


SEGMENT ATTRIBUTES

    id tag      seg value
    -- ---      --- -----
     0 PHA_PAGE 1   1    
     1 PHA_PAGE 2   1    


GLOBAL SYMBOLS: SORTED ALPHABETICALLY BY Name 

page  address   name                         
----  -------   ----                         
0     00000c80  C$$EXIT                      
1     00000100  __TI_STACK_END               
abs   00000100  __TI_STACK_SIZE              
abs   ffffffff  __binit__                    
abs   ffffffff  __c_args__                   
0     00000a0c  __pruabi_lslll               
0     00000acc  __pruabi_lsrll               
0     00000bbc  __pruabi_mpyi                
0     000003d4  __pruabi_mpyll               
0     00000a6c  __pruabi_remi                
0     00000654  __pruabi_remu                
0     00000000  _c_int00_noinit_noargs_noexit
1     00000000  _stack                       
0     00000c78  abort                        
0     000007d4  adj_pru_time                 
0     00000c54  assert_pin                   
abs   ffffffff  binit                        
0     00000c00  deassert_pin                 
0     00000718  init_pru_time                
0     00000b54  init_rbuffer                 
0     00000014  main                         
0     00000c1c  memset                       
0     0000023c  rbuf_read_uint64             
0     00000524  rbuf_write_uint64            
0     00000be0  read_cc                      
0     00000c38  read_pru_time                
0     00000c6c  terminate                    
0     00000914  timecounter_init             
0     00000b10  timecounter_read             


GLOBAL SYMBOLS: SORTED BY Symbol Address 

page  address   name                         
----  -------   ----                         
0     00000000  _c_int00_noinit_noargs_noexit
0     00000014  main                         
0     0000023c  rbuf_read_uint64             
0     000003d4  __pruabi_mpyll               
0     00000524  rbuf_write_uint64            
0     00000654  __pruabi_remu                
0     00000718  init_pru_time                
0     000007d4  adj_pru_time                 
0     00000914  timecounter_init             
0     00000a0c  __pruabi_lslll               
0     00000a6c  __pruabi_remi                
0     00000acc  __pruabi_lsrll               
0     00000b10  timecounter_read             
0     00000b54  init_rbuffer                 
0     00000bbc  __pruabi_mpyi                
0     00000be0  read_cc                      
0     00000c00  deassert_pin                 
0     00000c1c  memset                       
0     00000c38  read_pru_time                
0     00000c54  assert_pin                   
0     00000c6c  terminate                    
0     00000c78  abort                        
0     00000c80  C$$EXIT                      
1     00000000  _stack                       
1     00000100  __TI_STACK_END               
abs   00000100  __TI_STACK_SIZE              
abs   ffffffff  __binit__                    
abs   ffffffff  __c_args__                   
abs   ffffffff  binit                        

[29 symbols]
